           HWIC Slot 2      0x00200000
           HWIC Slot 3      0x002000000003E7          0X00474800 C2811 Mainboard
                0X0014B430 Onboard PVDM2 SIMM
                0X00264050 Onboard VPN
                0X000021B8 Onboard USB
00038E          0X0008BE00 Service Engine AIM
                0X002C29F0 public buffer pools
                0X00211000 public particle pools
-----------------------------------------------
TOTAL:          0X00D85628

If any of the above Memory Requirements are
"UNKNOWN", you may be using an unsupported
configuration or there is a software problem and
system operation may be compromised.
Rounded IOMEM up to: 14Mb.
Using 2 percent iomem. [14Mb/512Mb]

              Restricted Rights Legend

Use, duplication, or disclosure by the Government is
subject to restrictions as set forth in subparagraph
(c) of the Commercial Computer Software - Restricted
Rights clause at FAR sec. 52.227-19 and subparagraph
(c) (1) (ii) of the Rights in Technical Data and Computer
Software clause at DFARS sec. 252.227-7013.

           cisco Systems, Inc.
           170 West Tasman Drive
           San Jose, California 95134-1706

Cisco IOS Software, 2800 Software (C2800NM-ADVIPSERVICESK9-M), Version 15.1(4)M4
Technical Support: http://www.cisco.com/techsupport
Copyright (c) 1986-2012 by Cisco Systems, Inc.
Compiled Thurs 5-Jan-12 15:41 by pt_team
Image text-base: 0x2100F918, data-base: 0x24729040

This product contains cryptographic features and is subject to United
States and local country laws governing import, export, transfer and
use. Delivery of Cisco cryptographic products does not imply
third-party authority to import, export, distribute or use encryption.
Importers, exporters, distributors and users are responsible for
compliance with U.S. and local country laws. By using this product you
agree to comply with applicable laws and regulations. If you are unable
to comply with U.S. and local laws, return this product immediately.

A summary of U.S. laws governing Cisco cryptographic products may be found at:
http://www.cisco.com/wwl/export/crypto/tool/stqrg.html

If you require further assistance please contact us by sending email to
export@cisco.com.

cisco 2811 (MPC860) processor (revision 0x200) with 60416K/5120K bytes of memory
Processor board ID JAD05190MTZ (4292891495)
2 FastEthernet interface(s)
8 Low-speed serial(sync/async) network interface(s)
DRAM configuration is 64 bits wide with parity disabled.
255K bytes of non-volatile configuration memory.
249856K bytes of ATA System CompactFlash 0 (Read/Write)

Press RETURN to get started!


%LINK-5-CHANGED: Interface Serial0/3/0, changed state to up

%LINEPROTO-5-UPDOWN: Line protocol on Interface FastEthernet0/0, changed state to up

%LINK-5-CHANGED: Interface Serial0/1/0, changed state to up

%LINEPROTO-5-UPDOWN: Line protocol on Interface Serial0/1/0, changed state to up

%LINEPROTO-5-UPDOWN: Line protocol on Interface Serial0/3/0, changed state to up


Router>enable
Router#
Router#configure terminal
Enter configuration commands, one per line.  End with CNTL/Z.
Router(config)#interface Serial0/0/0
Router(config-if)#ip address 10.10.28.86 255.255.255.252
Router(config-if)#ip address 10.10.28.86 255.255.255.252
Router(config-if)#








Router con0 is now available






Press RETURN to get started.













Router>enable
Router#
Router#configure terminal
Enter configuration commands, one per line.  End with CNTL/Z.
Router(config)#
Router(config)#ip route 10.10.28.0 255.255.255.224 10.10.28.85
Router(config)#
Router(config)#interface FastEthernet0/0
Router(config-if)#
Router(config-if)#exit
Router(config)#interface FastEthernet0/0
Router(config-if)#
Router(config-if)#exit
Router(config)#interface FastEthernet0/1
Router(config-if)#
Router(config-if)#exit
Router(config)#interface FastEthernet0/0
Router(config-if)#
Router(config-if)#exit
Router(config)#interface Serial0/0/1
Router(config-if)#
Router(config-if)#exit
Router(config)#interface Serial0/1/0
Router(config-if)#
Router(config-if)#exit
Router(config)#interface Serial0/1/1
Router(config-if)#
Router(config-if)#exit
Router(config)#interface Serial0/2/0
Router(config-if)#
Router(config-if)#exit
Router(config)#interface Serial0/2/0
Router(config-if)#
Router(config-if)#exit
Router(config)#interface Serial0/2/1
Router(config-if)#
Router(config-if)#exit
Router(config)#interface Serial0/3/0
Router(config-if)#
Router(config-if)#exit
Router(config)#interface Serial0/3/0
Router(config-if)#
Router(config-if)#exit
Router(config)#interface Serial0/3/1
Router(config-if)#
Router(config-if)#exit
Router(config)#interface Serial0/3/0
Router(config-if)#
Router(config-if)#exit
Router(config)#interface Serial0/2/1
Router(config-if)#
Router(config-if)#exit
Router(config)#interface Serial0/2/0
Router(config-if)#
Router(config-if)#exit
Router(config)#interface Serial0/1/1
Router(config-if)#
Router(config-if)#exit
Router(config)#interface Serial0/1/0
Router(config-if)#
Router(config-if)#exit
Router(config)#interface Serial0/0/0
Router(config-if)#no shutdown
Router(config-if)#
%LINK-5-CHANGED: Interface Serial0/0/0, changed state to up

%LINEPROTO-5-UPDOWN: Line protocol on Interface Serial0/0/0, changed state to up

Router(config-if)#exit
Router(config)#interface Serial0/0/1
Router(config-if)#ip address 10.10.28.93 255.255.255.252
Router(config-if)#ip address 10.10.28.93 255.255.255.252
Router(config-if)#
Router(config-if)#exit
Router(config)#interface Serial0/0/1
Router(config-if)#no shutdown
Router(config-if)#
%LINK-5-CHANGED: Interface Serial0/0/1, changed state to up

Router(config-if)#exit
Router(config)#
Router(config)#
%LINEPROTO-5-UPDOWN: Line protocol on Interface Serial0/0/1, changed state to up

Router(config)#
Router(config)#
Router(config)#
Router(config)#ip route 10.10.28.32 255.255.255.224 10.10.28.94
Router(config)#

System Bootstrap, Version 12.1(3r)T2, RELEASE SOFTWARE (fc1)
Copyright (c) 2000 by cisco Systems, Inc.
cisco 2811 (MPC860) processor (revision 0x200) with 60416K/5120K bytes of memory

Readonly ROMMON initialized

program load complete, entry point: 0x8000f000, size: 0xc940
program load complete, entry point: 0x8000f000, size: 0xc940

program load complete, entry point: 0x8000f000, size: 0x3ed1338
Self decompressing the image :
######################### [OK]
Smart Init is enabled
smart init is sizing iomem
ID              TYPE       MEMORY_REQ
           HWIC Slot 0      0x00200000
           HWIC Slot 1      0x00200000
           HWIC Slot 2      0x00200000
           HWIC Slot 3      0x002000000003E7          0X00474800 C2811 Mainboard
                0X0014B430 Onboard PVDM2 SIMM
                0X00264050 Onboard VPN
                0X000021B8 Onboard USB
00038E          0X0008BE00 Service Engine AIM
                0X002C29F0 public buffer pools
                0X00211000 public particle pools
-----------------------------------------------
TOTAL:          0X00D85628

If any of the above Memory Requirements are
"UNKNOWN", you may be using an unsupported
configuration or there is a software problem and
system operation may be compromised.
Rounded IOMEM up to: 14Mb.
Using 2 percent iomem. [14Mb/512Mb]

              Restricted Rights Legend

Use, duplication, or disclosure by the Government is
subject to restrictions as set forth in subparagraph
(c) of the Commercial Computer Software - Restricted
Rights clause at FAR sec. 52.227-19 and subparagraph
(c) (1) (ii) of the Rights in Technical Data and Computer
Software clause at DFARS sec. 252.227-7013.

           cisco Systems, Inc.
           170 West Tasman Drive
           San Jose, California 95134-1706

Cisco IOS Software, 2800 Software (C2800NM-ADVIPSERVICESK9-M), Version 15.1(4)M4
Technical Support: http://www.cisco.com/techsupport
Copyright (c) 1986-2012 by Cisco Systems, Inc.
Compiled Thurs 5-Jan-12 15:41 by pt_team
Image text-base: 0x2100F918, data-base: 0x24729040

This product contains cryptographic features and is subject to United
States and local country laws governing import, export, transfer and
use. Delivery of Cisco cryptographic products does not imply
third-party authority to import, export, distribute or use encryption.
Importers, exporters, distributors and users are responsible for
compliance with U.S. and local country laws. By using this product you
agree to comply with applicable laws and regulations. If you are unable
to comply with U.S. and local laws, return this product immediately.

A summary of U.S. laws governing Cisco cryptographic products may be found at:
http://www.cisco.com/wwl/export/crypto/tool/stqrg.html

If you require further assistance please contact us by sending email to
export@cisco.com.

cisco 2811 (MPC860) processor (revision 0x200) with 60416K/5120K bytes of memory
Processor board ID JAD05190MTZ (4292891495)
2 FastEthernet interface(s)
8 Low-speed serial(sync/async) network interface(s)
DRAM configuration is 64 bits wide with parity disabled.
255K bytes of non-volatile configuration memory.
249856K bytes of ATA System CompactFlash 0 (Read/Write)

Press RETURN to get started!



Router>enable
Router#
Router#configure terminal
Enter configuration commands, one per line.  End with CNTL/Z.
Router(config)#
Router(config)#
Router(config)#interface Serial0/0/1
Router(config-if)#ip address 10.10.28.94 255.0.0.0
Router(config-if)#ip address 10.10.28.94 255.255.255.252
Router(config-if)#
Router(config-if)#exit
Router(config)#interface FastEthernet0/0
Router(config-if)#
Router(config-if)#exit
Router(config)#interface FastEthernet0/0
Router(config-if)#ip address 10.10.28.33 255.255.255.252
Router(config-if)#ip address 10.10.28.33 255.255.255.252
Router(config-if)#ip address 10.10.28.33 255.255.255.224
Router(config-if)#
Router(config-if)#exit
Router(config)#interface FastEthernet0/0
Router(config-if)#no shutdown
Router(config-if)#
%LINK-5-CHANGED: Interface FastEthernet0/0, changed state to up

%LINEPROTO-5-UPDOWN: Line protocol on Interface FastEthernet0/0, changed state to up

Router(config-if)#exit
Router(config)#interface Serial0/0/1
Router(config-if)#no shutdown
Router(config-if)#
%LINK-5-CHANGED: Interface Serial0/0/1, changed state to up

%LINEPROTO-5-UPDOWN: Line protocol on Interface Serial0/0/1, changed state to up

Router(config-if)#exit
Router(config)#ip dhcp excluded-address 10.10.28.33 10.10.28.34
Router(config)#ip dhcp pool UNDERTAKING
Router(dhcp-config)#network 10.10.28.32 255.255.255.224
Router(dhcp-config)#default-router 10.10.28.33
Router(dhcp-config)#dns-server 10.10.16.4
Router(dhcp-config)#end
Router#
%SYS-5-CONFIG_I: Configured from console by console

Router#conf t
Enter configuration commands, one per line.  End with CNTL/Z.
Router(config)#int fa0/0
Router(config-if)#ip helper-address 10.10.16.2
Router(config-if)#end
Router#
%SYS-5-CONFIG_I: Configured from console by console

Router#
Router#configure terminal
Enter configuration commands, one per line.  End with CNTL/Z.
Router(config)#
Router(config)#ip route 10.10.16.0 255.255.248.0 10.10.28.93
Router(config)#
Router(config)#interface Serial0/0/0
Router(config-if)#
Router(config-if)#exit
Router(config)#interface Serial0/1/0
Router(config-if)#ip address 10.10.28.98 255.255.255.224
Router(config-if)#ip address 10.10.28.98 255.255.255.252
Router(config-if)#
Router(config-if)#end
Router#configure terminal
Enter configuration commands, one per line.  End with CNTL/Z.
Router(config)#
%SYS-5-CONFIG_I: Configured from console by console

Router(config)#interface Serial0/1/0
Router(config-if)#no shutdown
Router(config-if)#
%LINK-5-CHANGED: Interface Serial0/1/0, changed state to up

%LINEPROTO-5-UPDOWN: Line protocol on Interface Serial0/1/0, changed state to up
System Bootstrap, Version 12.1(3r)T2, RELEASE SOFTWARE (fc1)
Copyright (c) 2000 by cisco Systems, Inc.
cisco 2811 (MPC860) processor (revision 0x200) with 60416K/5120K bytes of memory

Readonly ROMMON initialized

program load complete, entry point: 0x8000f000, size: 0xc940
program load complete, entry point: 0x8000f000, size: 0xc940

program load complete, entry point: 0x8000f000, size: 0x3ed1338
Self decompressing the image :
######################### [OK]
Smart Init is enabled
smart init is sizing iomem
ID              TYPE       MEMORY_REQ
           HWIC Slot 0      0x00200000
           HWIC Slot 1      0x00200000
           HWIC Slot 2      0x00200000
           HWIC Slot 3      0x002000000003E7          0X00474800 C2811 Mainboard
                0X0014B430 Onboard PVDM2 SIMM
                0X00264050 Onboard VPN
                0X000021B8 Onboard USB
00038E          0X0008BE00 Service Engine AIM
                0X002C29F0 public buffer pools
                0X00211000 public particle pools
-----------------------------------------------
TOTAL:          0X00D85628

If any of the above Memory Requirements are
"UNKNOWN", you may be using an unsupported
configuration or there is a software problem and
system operation may be compromised.
Rounded IOMEM up to: 14Mb.
Using 2 percent iomem. [14Mb/512Mb]

              Restricted Rights Legend

Use, duplication, or disclosure by the Government is
subject to restrictions as set forth in subparagraph
(c) of the Commercial Computer Software - Restricted
Rights clause at FAR sec. 52.227-19 and subparagraph
(c) (1) (ii) of the Rights in Technical Data and Computer
Software clause at DFARS sec. 252.227-7013.

           cisco Systems, Inc.
           170 West Tasman Drive
           San Jose, California 95134-1706

Cisco IOS Software, 2800 Software (C2800NM-ADVIPSERVICESK9-M), Version 15.1(4)M4
Technical Support: http://www.cisco.com/techsupport
Copyright (c) 1986-2012 by Cisco Systems, Inc.
Compiled Thurs 5-Jan-12 15:41 by pt_team
Image text-base: 0x2100F918, data-base: 0x24729040

This product contains cryptographic features and is subject to United
States and local country laws governing import, export, transfer and
use. Delivery of Cisco cryptographic products does not imply
third-party authority to import, export, distribute or use encryption.
Importers, exporters, distributors and users are responsible for
compliance with U.S. and local country laws. By using this product you
agree to comply with applicable laws and regulations. If you are unable
to comply with U.S. and local laws, return this product immediately.

A summary of U.S. laws governing Cisco cryptographic products may be found at:
http://www.cisco.com/wwl/export/crypto/tool/stqrg.html

If you require further assistance please contact us by sending email to
export@cisco.com.

cisco 2811 (MPC860) processor (revision 0x200) with 60416K/5120K bytes of memory
Processor board ID JAD05190MTZ (4292891495)
2 FastEthernet interface(s)
8 Low-speed serial(sync/async) network interface(s)
DRAM configuration is 64 bits wide with parity disabled.
255K bytes of non-volatile configuration memory.
249856K bytes of ATA System CompactFlash 0 (Read/Write)

Press RETURN to get started!


%LINK-5-CHANGED: Interface Serial0/3/0, changed state to up

%LINK-5-CHANGED: Interface Serial0/1/0, changed state to up

%LINEPROTO-5-UPDOWN: Line protocol on Interface FastEthernet0/0, changed state to up

%LINEPROTO-5-UPDOWN: Line protocol on Interface Serial0/3/0, changed state to up

%LINEPROTO-5-UPDOWN: Line protocol on Interface Serial0/1/0, changed state to up


Router>enable
Router#
Router#configure terminal
Enter configuration commands, one per line.  End with CNTL/Z.
Router(config)#interface Serial0/0/0
Router(config-if)#ip address 10.10.28.81 255.255.255.252
Router(config-if)#ip address 10.10.28.81 255.255.255.252
Router(config-if)#








Router con0 is now available






Press RETURN to get started.













Router>enable
Router#
Router#configure terminal
Enter configuration commands, one per line.  End with CNTL/Z.
Router(config)#interface Serial0/0/0
Router(config-if)#no shutdown
Router(config-if)#
%LINK-5-CHANGED: Interface Serial0/0/0, changed state to up

%LINEPROTO-5-UPDOWN: Line protocol on Interface Serial0/0/0, changed state to up









Router con0 is now available






Press RETURN to get started.




System Bootstrap, Version 12.1(3r)T2, RELEASE SOFTWARE (fc1)
Copyright (c) 2000 by cisco Systems, Inc.
cisco 2811 (MPC860) processor (revision 0x200) with 60416K/5120K bytes of memory

Readonly ROMMON initialized

program load complete, entry point: 0x8000f000, size: 0xc940
program load complete, entry point: 0x8000f000, size: 0xc940

program load complete, entry point: 0x8000f000, size: 0x3ed1338
Self decompressing the image :
######################### [OK]
Smart Init is enabled
smart init is sizing iomem
ID              TYPE       MEMORY_REQ
           HWIC Slot 0      0x00200000
           HWIC Slot 1      0x00200000
           HWIC Slot 2      0x00200000
           HWIC Slot 3      0x002000000003E7          0X00474800 C2811 Mainboard
                0X0014B430 Onboard PVDM2 SIMM
                0X00264050 Onboard VPN
                0X000021B8 Onboard USB
00038E          0X0008BE00 Service Engine AIM
                0X002C29F0 public buffer pools
                0X00211000 public particle pools
-----------------------------------------------
TOTAL:          0X00D85628

If any of the above Memory Requirements are
"UNKNOWN", you may be using an unsupported
configuration or there is a software problem and
system operation may be compromised.
Rounded IOMEM up to: 14Mb.
Using 2 percent iomem. [14Mb/512Mb]

              Restricted Rights Legend

Use, duplication, or disclosure by the Government is
subject to restrictions as set forth in subparagraph
(c) of the Commercial Computer Software - Restricted
Rights clause at FAR sec. 52.227-19 and subparagraph
(c) (1) (ii) of the Rights in Technical Data and Computer
Software clause at DFARS sec. 252.227-7013.

           cisco Systems, Inc.
           170 West Tasman Drive
           San Jose, California 95134-1706

Cisco IOS Software, 2800 Software (C2800NM-ADVIPSERVICESK9-M), Version 15.1(4)M4
Technical Support: http://www.cisco.com/techsupport
Copyright (c) 1986-2012 by Cisco Systems, Inc.
Compiled Thurs 5-Jan-12 15:41 by pt_team
Image text-base: 0x2100F918, data-base: 0x24729040

This product contains cryptographic features and is subject to United
States and local country laws governing import, export, transfer and
use. Delivery of Cisco cryptographic products does not imply
third-party authority to import, export, distribute or use encryption.
Importers, exporters, distributors and users are responsible for
compliance with U.S. and local country laws. By using this product you
agree to comply with applicable laws and regulations. If you are unable
to comply with U.S. and local laws, return this product immediately.

A summary of U.S. laws governing Cisco cryptographic products may be found at:
http://www.cisco.com/wwl/export/crypto/tool/stqrg.html

If you require further assistance please contact us by sending email to
export@cisco.com.

cisco 2811 (MPC860) processor (revision 0x200) with 60416K/5120K bytes of memory
Processor board ID JAD05190MTZ (4292891495)
2 FastEthernet interface(s)
8 Low-speed serial(sync/async) network interface(s)
DRAM configuration is 64 bits wide with parity disabled.
255K bytes of non-volatile configuration memory.
249856K bytes of ATA System CompactFlash 0 (Read/Write)

Press RETURN to get started!


%LINK-5-CHANGED: Interface Serial0/3/0, changed state to up

%LINK-5-CHANGED: Interface Serial0/1/0, changed state to up

%LINEPROTO-5-UPDOWN: Line protocol on Interface FastEthernet0/0, changed state to up

%LINEPROTO-5-UPDOWN: Line protocol on Interface Serial0/3/0, changed state to up

%LINEPROTO-5-UPDOWN: Line protocol on Interface Serial0/1/0, changed state to up


Router>enable
Router#
Router#configure terminal
Enter configuration commands, one per line.  End with CNTL/Z.
Router(config)#interface Serial0/0/0
Router(config-if)#ip address 10.10.28.81 255.255.255.252
Router(config-if)#ip address 10.10.28.81 255.255.255.252
Router(config-if)#








Router con0 is now available






Press RETURN to get started.













Router>enable
Router#
Router#configure terminal
Enter configuration commands, one per line.  End with CNTL/Z.
Router(config)#interface Serial0/0/0
Router(config-if)#no shutdown
Router(config-if)#
%LINK-5-CHANGED: Interface Serial0/0/0, changed state to up

%LINEPROTO-5-UPDOWN: Line protocol on Interface Serial0/0/0, changed state to up









Router con0 is now available






Press RETURN to get started.





System Bootstrap, Version 12.1(3r)T2, RELEASE SOFTWARE (fc1)
Copyright (c) 2000 by cisco Systems, Inc.
cisco 2811 (MPC860) processor (revision 0x200) with 60416K/5120K bytes of memory

Readonly ROMMON initialized

program load complete, entry point: 0x8000f000, size: 0xc940
program load complete, entry point: 0x8000f000, size: 0xc940

program load complete, entry point: 0x8000f000, size: 0x3ed1338
Self decompressing the image :
######################### [OK]
Smart Init is enabled
smart init is sizing iomem
ID              TYPE       MEMORY_REQ
           HWIC Slot 0      0x00200000
           HWIC Slot 1      0x00200000
           HWIC Slot 2      0x00200000
           HWIC Slot 3      0x002000000003E7          0X00474800 C2811 Mainboard
                0X0014B430 Onboard PVDM2 SIMM
                0X00264050 Onboard VPN
                0X000021B8 Onboard USB
00038E          0X0008BE00 Service Engine AIM
                0X002C29F0 public buffer pools
                0X00211000 public particle pools
-----------------------------------------------
TOTAL:          0X00D85628

If any of the above Memory Requirements are
"UNKNOWN", you may be using an unsupported
configuration or there is a software problem and
system operation may be compromised.
Rounded IOMEM up to: 14Mb.
Using 2 percent iomem. [14Mb/512Mb]

              Restricted Rights Legend

Use, duplication, or disclosure by the Government is
subject to restrictions as set forth in subparagraph
(c) of the Commercial Computer Software - Restricted
Rights clause at FAR sec. 52.227-19 and subparagraph
(c) (1) (ii) of the Rights in Technical Data and Computer
Software clause at DFARS sec. 252.227-7013.

           cisco Systems, Inc.
           170 West Tasman Drive
           San Jose, California 95134-1706

Cisco IOS Software, 2800 Software (C2800NM-ADVIPSERVICESK9-M), Version 15.1(4)M4
Technical Support: http://www.cisco.com/techsupport
Copyright (c) 1986-2012 by Cisco Systems, Inc.
Compiled Thurs 5-Jan-12 15:41 by pt_team
Image text-base: 0x2100F918, data-base: 0x24729040

This product contains cryptographic features and is subject to United
States and local country laws governing import, export, transfer and
use. Delivery of Cisco cryptographic products does not imply
third-party authority to import, export, distribute or use encryption.
Importers, exporters, distributors and users are responsible for
compliance with U.S. and local country laws. By using this product you
agree to comply with applicable laws and regulations. If you are unable
to comply with U.S. and local laws, return this product immediately.

A summary of U.S. laws governing Cisco cryptographic products may be found at:
http://www.cisco.com/wwl/export/crypto/tool/stqrg.html

If you require further assistance please contact us by sending email to
export@cisco.com.

cisco 2811 (MPC860) processor (revision 0x200) with 60416K/5120K bytes of memory
Processor board ID JAD05190MTZ (4292891495)
2 FastEthernet interface(s)
8 Low-speed serial(sync/async) network interface(s)
DRAM configuration is 64 bits wide with parity disabled.
255K bytes of non-volatile configuration memory.
249856K bytes of ATA System CompactFlash 0 (Read/Write)

Press RETURN to get started!



Router>enable
Router#
Router#configure terminal
Enter configuration commands, one per line.  End with CNTL/Z.
Router(config)#
Router(config)#
Router(config)#interface Serial0/0/1
Router(config-if)#ip address 10.10.28.94 255.0.0.0
Router(config-if)#ip address 10.10.28.94 255.255.255.252
Router(config-if)#
Router(config-if)#exit
Router(config)#interface FastEthernet0/0
Router(config-if)#
Router(config-if)#exit
Router(config)#interface FastEthernet0/0
Router(config-if)#ip address 10.10.28.33 255.255.255.252
Router(config-if)#ip address 10.10.28.33 255.255.255.252
Router(config-if)#ip address 10.10.28.33 255.255.255.224
Router(config-if)#
Router(config-if)#exit
Router(config)#interface FastEthernet0/0
Router(config-if)#no shutdown
Router(config-if)#
%LINK-5-CHANGED: Interface FastEthernet0/0, changed state to up

%LINEPROTO-5-UPDOWN: Line protocol on Interface FastEthernet0/0, changed state to up

Router(config-if)#exit
Router(config)#interface Serial0/0/1
Router(config-if)#no shutdown
Router(config-if)#
%LINK-5-CHANGED: Interface Serial0/0/1, changed state to up

%LINEPROTO-5-UPDOWN: Line protocol on Interface Serial0/0/1, changed state to up

Router(config-if)#exit
Router(config)#ip dhcp excluded-address 10.10.28.33 10.10.28.34
Router(config)#ip dhcp pool UNDERTAKING
Router(dhcp-config)#network 10.10.28.32 255.255.255.224
Router(dhcp-config)#default-router 10.10.28.33
Router(dhcp-config)#dns-server 10.10.16.4
Router(dhcp-config)#end
Router#
%SYS-5-CONFIG_I: Configured from console by console

Router#conf t
Enter configuration commands, one per line.  End with CNTL/Z.
Router(config)#int fa0/0
Router(config-if)#ip helper-address 10.10.16.2
Router(config-if)#end
Router#
%SYS-5-CONFIG_I: Configured from console by console

Router#
Router#configure terminal
Enter configuration commands, one per line.  End with CNTL/Z.
Router(config)#
Router(config)#ip route 10.10.16.0 255.255.248.0 10.10.28.93
Router(config)#
Router(config)#interface Serial0/0/0
Router(config-if)#
Router(config-if)#exit
Router(config)#interface Serial0/1/0
Router(config-if)#ip address 10.10.28.98 255.255.255.224
Router(config-if)#ip address 10.10.28.98 255.255.255.252
Router(config-if)#
Router(config-if)#end
Router#configure terminal
Enter configuration commands, one per line.  End with CNTL/Z.
Router(config)#
%SYS-5-CONFIG_I: Configured from console by console

Router(config)#interface Serial0/1/0
Router(config-if)#no shutdown
Router(config-if)#
%LINK-5-CHANGED: Interface Serial0/1/0, changed state to up

%LINEPROTO-5-UPDOWN: Line protocol on Interface Serial0/1/0, changed state to up

System Bootstrap, Version 12.1(3r)T2, RELEASE SOFTWARE (fc1)
Copyright (c) 2000 by cisco Systems, Inc.
cisco 2811 (MPC860) processor (revision 0x200) with 60416K/5120K bytes of memory

Readonly ROMMON initialized

program load complete, entry point: 0x8000f000, size: 0xc940
program load complete, entry point: 0x8000f000, size: 0xc940

program load complete, entry point: 0x8000f000, size: 0x3ed1338
Self decompressing the image :
######################### [OK]
Smart Init is enabled
smart init is sizing iomem
ID              TYPE       MEMORY_REQ
           HWIC Slot 0      0x00200000
           HWIC Slot 1      0x00200000
           HWIC Slot 2      0x00200000
           HWIC Slot 3      0x002000000003E7          0X00474800 C2811 Mainboard
                0X0014B430 Onboard PVDM2 SIMM
                0X00264050 Onboard VPN
                0X000021B8 Onboard USB
00038E          0X0008BE00 Service Engine AIM
                0X002C29F0 public buffer pools
                0X00211000 public particle pools
-----------------------------------------------
TOTAL:          0X00D85628

If any of the above Memory Requirements are
"UNKNOWN", you may be using an unsupported
configuration or there is a software problem and
system operation may be compromised.
Rounded IOMEM up to: 14Mb.
Using 2 percent iomem. [14Mb/512Mb]

              Restricted Rights Legend

Use, duplication, or disclosure by the Government is
subject to restrictions as set forth in subparagraph
(c) of the Commercial Computer Software - Restricted
Rights clause at FAR sec. 52.227-19 and subparagraph
(c) (1) (ii) of the Rights in Technical Data and Computer
Software clause at DFARS sec. 252.227-7013.

           cisco Systems, Inc.
           170 West Tasman Drive
           San Jose, California 95134-1706

Cisco IOS Software, 2800 Software (C2800NM-ADVIPSERVICESK9-M), Version 15.1(4)M4
Technical Support: http://www.cisco.com/techsupport
Copyright (c) 1986-2012 by Cisco Systems, Inc.
Compiled Thurs 5-Jan-12 15:41 by pt_team
Image text-base: 0x2100F918, data-base: 0x24729040

This product contains cryptographic features and is subject to United
States and local country laws governing import, export, transfer and
use. Delivery of Cisco cryptographic products does not imply
third-party authority to import, export, distribute or use encryption.
Importers, exporters, distributors and users are responsible for
compliance with U.S. and local country laws. By using this product you
agree to comply with applicable laws and regulations. If you are unable
to comply with U.S. and local laws, return this product immediately.

A summary of U.S. laws governing Cisco cryptographic products may be found at:
http://www.cisco.com/wwl/export/crypto/tool/stqrg.html

If you require further assistance please contact us by sending email to
export@cisco.com.

cisco 2811 (MPC860) processor (revision 0x200) with 60416K/5120K bytes of memory
Processor board ID JAD05190MTZ (4292891495)
2 FastEthernet interface(s)
8 Low-speed serial(sync/async) network interface(s)
DRAM configuration is 64 bits wide with parity disabled.
255K bytes of non-volatile configuration memory.
249856K bytes of ATA System CompactFlash 0 (Read/Write)

Press RETURN to get started!


%LINK-5-CHANGED: Interface Serial0/3/0, changed state to up

%LINEPROTO-5-UPDOWN: Line protocol on Interface FastEthernet0/0, changed state to up

%LINK-5-CHANGED: Interface Serial0/3/1, changed state to up

%LINEPROTO-5-UPDOWN: Line protocol on Interface Serial0/3/0, changed state to up

%LINEPROTO-5-UPDOWN: Line protocol on Interface Serial0/3/1, changed state to up


Lobby>enable
Lobby#
Lobby#configure terminal
Enter configuration commands, one per line.  End with CNTL/Z.
Lobby(config)#interface FastEthernet0/0
Lobby(config-if)#
Lobby(config-if)#exit
Lobby(config)#interface Serial0/0/0
Lobby(config-if)#ip address 10.10.28.70 255.255.255.252
Lobby(config-if)#ip address 10.10.28.70 255.255.255.252
Lobby(config-if)#


System Bootstrap, Version 12.1(3r)T2, RELEASE SOFTWARE (fc1)
Copyright (c) 2000 by cisco Systems, Inc.
cisco 2811 (MPC860) processor (revision 0x200) with 60416K/5120K bytes of memory

Readonly ROMMON initialized

program load complete, entry point: 0x8000f000, size: 0xc940
program load complete, entry point: 0x8000f000, size: 0xc940

program load complete, entry point: 0x8000f000, size: 0x3ed1338
Self decompressing the image :
######################### [OK]
Smart Init is enabled
smart init is sizing iomem
ID              TYPE       MEMORY_REQ
           HWIC Slot 0      0x00200000
           HWIC Slot 1      0x00200000
           HWIC Slot 2      0x00200000
           HWIC Slot 3      0x002000000003E7          0X00474800 C2811 Mainboard
                0X0014B430 Onboard PVDM2 SIMM
                0X00264050 Onboard VPN
                0X000021B8 Onboard USB
00038E          0X0008BE00 Service Engine AIM
                0X002C29F0 public buffer pools
                0X00211000 public particle pools
-----------------------------------------------
TOTAL:          0X00D85628

If any of the above Memory Requirements are
"UNKNOWN", you may be using an unsupported
configuration or there is a software problem and
system operation may be compromised.
Rounded IOMEM up to: 14Mb.
Using 2 percent iomem. [14Mb/512Mb]

              Restricted Rights Legend

Use, duplication, or disclosure by the Government is
subject to restrictions as set forth in subparagraph
(c) of the Commercial Computer Software - Restricted
Rights clause at FAR sec. 52.227-19 and subparagraph
(c) (1) (ii) of the Rights in Technical Data and Computer
Software clause at DFARS sec. 252.227-7013.

           cisco Systems, Inc.
           170 West Tasman Drive
           San Jose, California 95134-1706

Cisco IOS Software, 2800 Software (C2800NM-ADVIPSERVICESK9-M), Version 15.1(4)M4
Technical Support: http://www.cisco.com/techsupport
Copyright (c) 1986-2012 by Cisco Systems, Inc.
Compiled Thurs 5-Jan-12 15:41 by pt_team
Image text-base: 0x2100F918, data-base: 0x24729040

This product contains cryptographic features and is subject to United
States and local country laws governing import, export, transfer and
use. Delivery of Cisco cryptographic products does not imply
third-party authority to import, export, distribute or use encryption.
Importers, exporters, distributors and users are responsible for
compliance with U.S. and local country laws. By using this product you
agree to comply with applicable laws and regulations. If you are unable
to comply with U.S. and local laws, return this product immediately.

A summary of U.S. laws governing Cisco cryptographic products may be found at:
http://www.cisco.com/wwl/export/crypto/tool/stqrg.html

If you require further assistance please contact us by sending email to
export@cisco.com.

cisco 2811 (MPC860) processor (revision 0x200) with 60416K/5120K bytes of memory
Processor board ID JAD05190MTZ (4292891495)
2 FastEthernet interface(s)
8 Low-speed serial(sync/async) network interface(s)
DRAM configuration is 64 bits wide with parity disabled.
255K bytes of non-volatile configuration memory.
249856K bytes of ATA System CompactFlash 0 (Read/Write)

Press RETURN to get started!



Router>enable
Router#
Router#configure terminal
Enter configuration commands, one per line.  End with CNTL/Z.
Router(config)#
Router(config)#
Router(config)#interface Serial0/0/1
Router(config-if)#ip address 10.10.28.94 255.0.0.0
Router(config-if)#ip address 10.10.28.94 255.255.255.252
Router(config-if)#
Router(config-if)#exit
Router(config)#interface FastEthernet0/0
Router(config-if)#
Router(config-if)#exit
Router(config)#interface FastEthernet0/0
Router(config-if)#ip address 10.10.28.33 255.255.255.252
Router(config-if)#ip address 10.10.28.33 255.255.255.252
Router(config-if)#ip address 10.10.28.33 255.255.255.224
Router(config-if)#
Router(config-if)#exit
Router(config)#interface FastEthernet0/0
Router(config-if)#no shutdown
Router(config-if)#
%LINK-5-CHANGED: Interface FastEthernet0/0, changed state to up

%LINEPROTO-5-UPDOWN: Line protocol on Interface FastEthernet0/0, changed state to up

Router(config-if)#exit
Router(config)#interface Serial0/0/1
Router(config-if)#no shutdown
Router(config-if)#
%LINK-5-CHANGED: Interface Serial0/0/1, changed state to up

%LINEPROTO-5-UPDOWN: Line protocol on Interface Serial0/0/1, changed state to up

Router(config-if)#exit
Router(config)#ip dhcp excluded-address 10.10.28.33 10.10.28.34
Router(config)#ip dhcp pool UNDERTAKING
Router(dhcp-config)#network 10.10.28.32 255.255.255.224
Router(dhcp-config)#default-router 10.10.28.33
Router(dhcp-config)#dns-server 10.10.16.4
Router(dhcp-config)#end
Router#
%SYS-5-CONFIG_I: Configured from console by console

Router#conf t
Enter configuration commands, one per line.  End with CNTL/Z.
Router(config)#int fa0/0
Router(config-if)#ip helper-address 10.10.16.2
Router(config-if)#end
Router#
%SYS-5-CONFIG_I: Configured from console by console

Router#
Router#configure terminal
Enter configuration commands, one per line.  End with CNTL/Z.
Router(config)#
Router(config)#ip route 10.10.16.0 255.255.248.0 10.10.28.93
Router(config)#
Router(config)#interface Serial0/0/0
Router(config-if)#
Router(config-if)#exit
Router(config)#interface Serial0/1/0
Router(config-if)#ip address 10.10.28.98 255.255.255.224
Router(config-if)#ip address 10.10.28.98 255.255.255.252
Router(config-if)#
Router(config-if)#end
Router#configure terminal
Enter configuration commands, one per line.  End with CNTL/Z.
Router(config)#
%SYS-5-CONFIG_I: Configured from console by console

Router(config)#interface Serial0/1/0
Router(config-if)#no shutdown
Router(config-if)#
%LINK-5-CHANGED: Interface Serial0/1/0, changed state to up

%LINEPROTO-5-UPDOWN: Line protocol on Interface Serial0/1/0, changed state to up

Router(config-if)#exit
Router(config)#
Router(config)#
Router(config)#interface Serial0/0/0
Router(config-if)#ip address 10.10.28.69 255.255.255.252
Router(config-if)#ip address 10.10.28.69 255.255.255.252
Router(config-if)#no shutdown
Router(config-if)#
%LINK-5-CHANGED: Interface Serial0/0/0, changed state to up
Router(config)#ip dhcp excluded-address 10.10.28.1 10.10.28.2
Router(config)#ip dhcp pool MERCENARY
Router(dhcp-config)#network 10.10.28.0 255.255.255.224
Router(dhcp-config)#default-router 10.10.28.1
Router(dhcp-config)#dns-server 10.10.16.4
Router(dhcp-config)#end
Router#
%SYS-5-CONFIG_I: Configured from console by console

Router#conf t
Enter configuration commands, one per line.  End with CNTL/Z.
Router(config)#int fa0/0
Router(config-if)#ip helper-address 10.10.16.2
Router(config-if)#end
Router#
%SYS-5-CONFIG_I: Configured from console by console

Router#
Router#configure terminal
Enter configuration commands, one per line.  End with CNTL/Z.
Router(config)#
Router(config)#
Router(config)#interface FastEthernet0/0
Router(config-if)#
Router(config-if)#exit
Router(config)#
Router(config)#
Router(config)#
Router(config)#ip route 10.10.16.0 255.255.248.0 10.10.28.86
Router(config)#
Router(config)#interface FastEthernet0/0
Router(config-if)#
Router(config-if)#exit
Router(config)#interface Serial0/0/0
Router(config-if)#no shutdown
Router(config-if)#
Router(config-if)#exit
Router(config)#interface Serial0/0/1
Router(config-if)#
Router(config-if)#exit
Router(config)#interface Serial0/1/0
Router(config-if)#
Router(config-if)#exit
Router(config)#interface Serial0/1/1
Router(config-if)#
Router(config-if)#exit
Router(config)#interface Serial0/2/0
Router(config-if)#
Router(config-if)#exit
Router(config)#interface Serial0/2/1
Router(config-if)#
Router(config-if)#exit
Router(config)#interface Serial0/3/0
Router(config-if)#
Router(config-if)#exit
Router(config)#interface Serial0/3/1
Router(config-if)#
Router(config-if)#exit
Router(config)#interface Serial0/0/0
Router(config-if)#
Router(config-if)#exit
Router(config)#interface Serial0/0/1
Router(config-if)#
Router(config-if)#exit
Router(config)#interface Serial0/0/0
Router(config-if)#
Router(config-if)#exit
Router(config)#interface Serial0/0/0
Router(config-if)#
Router(config-if)#exit
Router(config)#interface Serial0/0/1
Router(config-if)#no shutdown
Router(config-if)#
%LINK-5-CHANGED: Interface Serial0/0/1, changed state to up

%LINEPROTO-5-UPDOWN: Line protocol on Interface Serial0/0/1, changed state to up

%LINK-5-CHANGED: Interface Serial0/0/0, changed state to up

%LINEPROTO-5-UPDOWN: Line protocol on Interface Serial0/0/0, changed state to up









Router con0 is now available






Press RETURN to get started.













Router>enable
Router#
Router#configure terminal
Enter configuration commands, one per line.  End with CNTL/Z.
Router(config)#interface Serial0/1/0
Router(config-if)#ip address 10.10.28.97 255.255.255.224
Router(config-if)#ip address 10.10.28.97 255.255.255.252
Router(config-if)#no shutdown
Router(config-if)#
%LINK-5-CHANGED: Interface Serial0/1/0, changed state to up

%LINEPROTO-5-UPDOWN: Line protocol on Interface Serial0/1/0, changed state to up

Router(config-if)#exit
Router(config)#interface Serial0/2/0
Router(config-if)#
Router(config-if)#exit
Router(config)#interface Serial0/2/0
Router(config-if)#ip address 10.10.28.102 255.255.255.252
Router(config-if)#ip address 10.10.28.102 255.255.255.252
Router(config-if)#no shutdown
Router(config-if)#
%LINK-5-CHANGED: Interface Serial0/2/0, changed state to up

%LINEPROTO-5-UPDOWN: Line protocol on Interface Serial0/2/0, changed state to up

Router(config-if)#exit
Router(config)#
Router(config)#ip route 10.10.24.0 255.255.252.0 10.10.28.86
Router(config)#
Router(config)#
Router(config)#ip route 10.10.0.0 255.255.240.0 10.10.28.86
Router(config)#
Router(config)#
Router(config)#
Router(config)#router rip
Router(config-router)#
Router(config-router)#end
Router#configure terminal
Enter configuration commands, one per line.  End with CNTL/Z.
Router(config)#
Router(config)#
%SYS-5-CONFIG_I: Configured from console by console

Router(config)#router rip
Router(config-router)#
Router(config-router)#end
Router#configure terminal
Enter configuration commands, one per line.  End with CNTL/Z.
Router(config)#
Router(config)#
%SYS-5-CONFIG_I: Configured from console by console

Router(config)#router rip
Router(config-router)#exit
Router(config)#router rip
Router(config-router)#network 10.10.28.0
Router(config-router)#no network 10.10.28.0
Router(config-router)#exit
Router(config)#exit
Router#
%SYS-5-CONFIG_I: Configured from console by console

Router#show ip route
Codes: L - local, C - connected, S - static, R - RIP, M - mobile, B - BGP
       D - EIGRP, EX - EIGRP external, O - OSPF, IA - OSPF inter area
       N1 - OSPF NSSA external type 1, N2 - OSPF NSSA external type 2
       E1 - OSPF external type 1, E2 - OSPF external type 2, E - EGP
       i - IS-IS, L1 - IS-IS level-1, L2 - IS-IS level-2, ia - IS-IS inter area
       * - candidate default, U - per-user static route, o - ODR
       P - periodic downloaded static route

Gateway of last resort is not set

     10.0.0.0/8 is variably subnetted, 13 subnets, 6 masks
S       10.10.0.0/20 [1/0] via 10.10.28.86
S       10.10.16.0/21 [1/0] via 10.10.28.86
S       10.10.24.0/22 [1/0] via 10.10.28.86
C       10.10.28.0/27 is directly connected, FastEthernet0/0
L       10.10.28.1/32 is directly connected, FastEthernet0/0
C       10.10.28.80/30 is directly connected, Serial0/0/0
L       10.10.28.82/32 is directly connected, Serial0/0/0
C       10.10.28.84/30 is directly connected, Serial0/0/1
L       10.10.28.85/32 is directly connected, Serial0/0/1
C       10.10.28.96/30 is directly connected, Serial0/1/0
L       10.10.28.97/32 is directly connected, Serial0/1/0
C       10.10.28.100/30 is directly connected, Serial0/2/0
L       10.10.28.102/32 is directly connected, Serial0/2/0

Router#
Router#

Router(config)#
Router(config)#
Router(config)#
Router(config)#ip route 10.10.16.0 255.255.248.0 10.10.28.86
Router(config)#
Router(config)#interface FastEthernet0/0
Router(config-if)#
Router(config-if)#exit
Router(config)#interface Serial0/0/0
Router(config-if)#no shutdown
Router(config-if)#
Router(config-if)#exit
Router(config)#interface Serial0/0/1
Router(config-if)#
Router(config-if)#exit
Router(config)#interface Serial0/1/0
Router(config-if)#
Router(config-if)#exit
Router(config)#interface Serial0/1/1
Router(config-if)#
Router(config-if)#exit
Router(config)#interface Serial0/2/0
Router(config-if)#
Router(config-if)#exit
Router(config)#interface Serial0/2/1
Router(config-if)#
Router(config-if)#exit
Router(config)#interface Serial0/3/0
Router(config-if)#
Router(config-if)#exit
Router(config)#interface Serial0/3/1
Router(config-if)#
Router(config-if)#exit
Router(config)#interface Serial0/0/0
Router(config-if)#
Router(config-if)#exit
Router(config)#interface Serial0/0/1
Router(config-if)#
Router(config-if)#exit
Router(config)#interface Serial0/0/0
Router(config-if)#
Router(config-if)#exit
Router(config)#interface Serial0/0/0
Router(config-if)#
Router(config-if)#exit
Router(config)#interface Serial0/0/1
Router(config-if)#no shutdown
Router(config-if)#
%LINK-5-CHANGED: Interface Serial0/0/1, changed state to up

%LINEPROTO-5-UPDOWN: Line protocol on Interface Serial0/0/1, changed state to up

%LINK-5-CHANGED: Interface Serial0/0/0, changed state to up

%LINEPROTO-5-UPDOWN: Line protocol on Interface Serial0/0/0, changed state to up









Router con0 is now available






Press RETURN to get started.













Router>enable
Router#
Router#configure terminal
Enter configuration commands, one per line.  End with CNTL/Z.
Router(config)#interface Serial0/1/0
Router(config-if)#ip address 10.10.28.97 255.255.255.224
Router(config-if)#ip address 10.10.28.97 255.255.255.252
Router(config-if)#no shutdown
Router(config-if)#
%LINK-5-CHANGED: Interface Serial0/1/0, changed state to up

%LINEPROTO-5-UPDOWN: Line protocol on Interface Serial0/1/0, changed state to up

Router(config-if)#exit
Router(config)#interface Serial0/2/0
Router(config-if)#
Router(config-if)#exit
Router(config)#interface Serial0/2/0
Router(config-if)#ip address 10.10.28.102 255.255.255.252
Router(config-if)#ip address 10.10.28.102 255.255.255.252
Router(config-if)#no shutdown
Router(config-if)#
%LINK-5-CHANGED: Interface Serial0/2/0, changed state to up

%LINEPROTO-5-UPDOWN: Line protocol on Interface Serial0/2/0, changed state to up

Router(config-if)#exit
Router(config)#
Router(config)#ip route 10.10.24.0 255.255.252.0 10.10.28.86
Router(config)#
Router(config)#
Router(config)#ip route 10.10.0.0 255.255.240.0 10.10.28.86
Router(config)#
Router(config)#
Router(config)#
Router(config)#router rip
Router(config-router)#
Router(config-router)#end
Router#configure terminal
Enter configuration commands, one per line.  End with CNTL/Z.
Router(config)#
Router(config)#
%SYS-5-CONFIG_I: Configured from console by console

Router(config)#router rip
Router(config-router)#
Router(config-router)#end
Router#configure terminal
Enter configuration commands, one per line.  End with CNTL/Z.
Router(config)#
Router(config)#
%SYS-5-CONFIG_I: Configured from console by console

Router(config)#router rip
Router(config-router)#exit
Router(config)#router rip
Router(config-router)#network 10.10.28.0
Router(config-router)#no network 10.10.28.0
Router(config-router)#exit
Router(config)#exit
Router#
%SYS-5-CONFIG_I: Configured from console by console

Router#show ip route
Codes: L - local, C - connected, S - static, R - RIP, M - mobile, B - BGP
       D - EIGRP, EX - EIGRP external, O - OSPF, IA - OSPF inter area
       N1 - OSPF NSSA external type 1, N2 - OSPF NSSA external type 2
       E1 - OSPF external type 1, E2 - OSPF external type 2, E - EGP
       i - IS-IS, L1 - IS-IS level-1, L2 - IS-IS level-2, ia - IS-IS inter area
       * - candidate default, U - per-user static route, o - ODR
       P - periodic downloaded static route

Gateway of last resort is not set

     10.0.0.0/8 is variably subnetted, 13 subnets, 6 masks
S       10.10.0.0/20 [1/0] via 10.10.28.86
S       10.10.16.0/21 [1/0] via 10.10.28.86
S       10.10.24.0/22 [1/0] via 10.10.28.86
C       10.10.28.0/27 is directly connected, FastEthernet0/0
L       10.10.28.1/32 is directly connected, FastEthernet0/0
C       10.10.28.80/30 is directly connected, Serial0/0/0
L       10.10.28.82/32 is directly connected, Serial0/0/0
C       10.10.28.84/30 is directly connected, Serial0/0/1
L       10.10.28.85/32 is directly connected, Serial0/0/1
C       10.10.28.96/30 is directly connected, Serial0/1/0
L       10.10.28.97/32 is directly connected, Serial0/1/0
C       10.10.28.100/30 is directly connected, Serial0/2/0
L       10.10.28.102/32 is directly connected, Serial0/2/0

Router#
Router#conf t
Enter configuration commands, one per line.  End with CNTL/Z.
Router(config)#conf t
%Invalid hex value
Router(config)#network 10.10.28.0
                ^
% Invalid input detected at '^' marker.
	
Router(config)#router rip
Router(config-router)#network 10.10.28.0
Router(config-router)#network 10.10.28.80
Router(config-router)#network 10.10.28.84
Router(config-router)#network 10.10.28.96
Router(config-router)#network 10.10.28.100
Router(config-router)#exit
Router(config)#
Router(config)#
Router(config)#
Router(config)#router rip
Router(config-router)#
Router(config-router)#end
Router#configure terminal
Enter configuration commands, one per line.  End with CNTL/Z.
Router(config)#
Router(config)#
%SYS-5-CONFIG_I: Configured from console by console

Cisco IOS Software, 2800 Software (C2800NM-ADVIPSERVICESK9-M), Version 15.1(4)M4
Technical Support: http://www.cisco.com/techsupport
Copyright (c) 1986-2012 by Cisco Systems, Inc.
Compiled Thurs 5-Jan-12 15:41 by pt_team
Image text-base: 0x2100F918, data-base: 0x24729040

This product contains cryptographic features and is subject to United
States and local country laws governing import, export, transfer and
use. Delivery of Cisco cryptographic products does not imply
third-party authority to import, export, distribute or use encryption.
Importers, exporters, distributors and users are responsible for
compliance with U.S. and local country laws. By using this product you
agree to comply with applicable laws and regulations. If you are unable
to comply with U.S. and local laws, return this product immediately.

A summary of U.S. laws governing Cisco cryptographic products may be found at:
http://www.cisco.com/wwl/export/crypto/tool/stqrg.html

If you require further assistance please contact us by sending email to
export@cisco.com.

cisco 2811 (MPC860) processor (revision 0x200) with 60416K/5120K bytes of memory
Processor board ID JAD05190MTZ (4292891495)
2 FastEthernet interface(s)
8 Low-speed serial(sync/async) network interface(s)
DRAM configuration is 64 bits wide with parity disabled.
255K bytes of non-volatile configuration memory.
249856K bytes of ATA System CompactFlash 0 (Read/Write)

Press RETURN to get started!



Router>enable
Router#
Router#configure terminal
Enter configuration commands, one per line.  End with CNTL/Z.
Router(config)#
Router(config)#
Router(config)#interface Serial0/0/1
Router(config-if)#ip address 10.10.28.94 255.0.0.0
Router(config-if)#ip address 10.10.28.94 255.255.255.252
Router(config-if)#
Router(config-if)#exit
Router(config)#interface FastEthernet0/0
Router(config-if)#
Router(config-if)#exit
Router(config)#interface FastEthernet0/0
Router(config-if)#ip address 10.10.28.33 255.255.255.252
Router(config-if)#ip address 10.10.28.33 255.255.255.252
Router(config-if)#ip address 10.10.28.33 255.255.255.224
Router(config-if)#
Router(config-if)#exit
Router(config)#interface FastEthernet0/0
Router(config-if)#no shutdown
Router(config-if)#
%LINK-5-CHANGED: Interface FastEthernet0/0, changed state to up

%LINEPROTO-5-UPDOWN: Line protocol on Interface FastEthernet0/0, changed state to up

Router(config-if)#exit
Router(config)#interface Serial0/0/1
Router(config-if)#no shutdown
Router(config-if)#
%LINK-5-CHANGED: Interface Serial0/0/1, changed state to up

%LINEPROTO-5-UPDOWN: Line protocol on Interface Serial0/0/1, changed state to up

Router(config-if)#exit
Router(config)#ip dhcp excluded-address 10.10.28.33 10.10.28.34
Router(config)#ip dhcp pool UNDERTAKING
Router(dhcp-config)#network 10.10.28.32 255.255.255.224
Router(dhcp-config)#default-router 10.10.28.33
Router(dhcp-config)#dns-server 10.10.16.4
Router(dhcp-config)#end
Router#
%SYS-5-CONFIG_I: Configured from console by console

Router#conf t
Enter configuration commands, one per line.  End with CNTL/Z.
Router(config)#int fa0/0
Router(config-if)#ip helper-address 10.10.16.2
Router(config-if)#end
Router#
%SYS-5-CONFIG_I: Configured from console by console

Router#
Router#configure terminal
Enter configuration commands, one per line.  End with CNTL/Z.
Router(config)#
Router(config)#ip route 10.10.16.0 255.255.248.0 10.10.28.93
Router(config)#
Router(config)#interface Serial0/0/0
Router(config-if)#
Router(config-if)#exit
Router(config)#interface Serial0/1/0
Router(config-if)#ip address 10.10.28.98 255.255.255.224
Router(config-if)#ip address 10.10.28.98 255.255.255.252
Router(config-if)#
Router(config-if)#end
Router#configure terminal
Enter configuration commands, one per line.  End with CNTL/Z.
Router(config)#
%SYS-5-CONFIG_I: Configured from console by console

Router(config)#interface Serial0/1/0
Router(config-if)#no shutdown
Router(config-if)#
%LINK-5-CHANGED: Interface Serial0/1/0, changed state to up

%LINEPROTO-5-UPDOWN: Line protocol on Interface Serial0/1/0, changed state to up

Router(config-if)#exit
Router(config)#
Router(config)#
Router(config)#interface Serial0/0/0
Router(config-if)#ip address 10.10.28.69 255.255.255.252
Router(config-if)#ip address 10.10.28.69 255.255.255.252
Router(config-if)#no shutdown
Router(config-if)#
%LINK-5-CHANGED: Interface Serial0/0/0, changed state to up

%LINEPROTO-5-UPDOWN: Line protocol on Interface Serial0/0/0, changed state to up

Router(config-if)#exit
Router(config)#interface Serial0/1/1
Router(config-if)#ip address 10.10.28.74 255.255.255.252
Router(config-if)#no shutdown
Router(config-if)#
%LINK-5-CHANGED: Interface Serial0/1/1, changed state to up

%LINEPROTO-5-UPDOWN: Line protocol on Interface Serial0/1/1, changed state to up

Router(config-if)#exit
Router(config)#
Router(config)#ip route 10.10.0.0 255.255.240.0 10.10.28.93
Router(config)#
Router(config)#
Router(config)#ip route 10.10.24.0 255.255.252.0 10.10.28.93
Router(config)#
Router(config)#
Router(config)#
Router(config)#router rip
Router(config-router)#
Router(config-router)#end
Router#configure terminal
Enter configuration commands, one per line.  End with CNTL/Z.
Router(config)#
Router(config)#
%SYS-5-CONFIG_I: Configured from console by console

Router(config)#router rip
Router(config-router)#
Router(config-router)#end
Router#configure terminal
Enter configuration commands, one per line.  End with CNTL/Z.
Router(config)#
Router(config)#
%SYS-5-CONFIG_I: Configured from console by console

Router(config)#router rip
Router(config-router)#exit
Router(config)#exit
Router#
%SYS-5-CONFIG_I: Configured from console by console

Router#show ip route
Codes: L - local, C - connected, S - static, R - RIP, M - mobile, B - BGP
       D - EIGRP, EX - EIGRP external, O - OSPF, IA - OSPF inter area
       N1 - OSPF NSSA external type 1, N2 - OSPF NSSA external type 2
       E1 - OSPF external type 1, E2 - OSPF external type 2, E - EGP
       i - IS-IS, L1 - IS-IS level-1, L2 - IS-IS level-2, ia - IS-IS inter area
       * - candidate default, U - per-user static route, o - ODR
       P - periodic downloaded static route

Gateway of last resort is not set

     10.0.0.0/8 is variably subnetted, 13 subnets, 6 masks
S       10.10.0.0/20 [1/0] via 10.10.28.93
S       10.10.16.0/21 [1/0] via 10.10.28.93
S       10.10.24.0/22 [1/0] via 10.10.28.93
C       10.10.28.32/27 is directly connected, FastEthernet0/0
L       10.10.28.33/32 is directly connected, FastEthernet0/0
C       10.10.28.68/30 is directly connected, Serial0/0/0
L       10.10.28.69/32 is directly connected, Serial0/0/0
C       10.10.28.72/30 is directly connected, Serial0/1/1
L       10.10.28.74/32 is directly connected, Serial0/1/1
C       10.10.28.92/30 is directly connected, Serial0/0/1
L       10.10.28.94/32 is directly connected, Serial0/0/1
C       10.10.28.96/30 is directly connected, Serial0/1/0
L       10.10.28.98/32 is directly connected, Serial0/1/0

Router#
Router#
Router#
Router#
Router#
Router#
Router#
Router#


Cisco Packet Tracer PC Command Line 1.0
C:\>ping 10.10.28.4

Pinging 10.10.28.4 with 32 bytes of data:

Request timed out.
Reply from 10.10.28.4: bytes=32 time=9ms TTL=126
Reply from 10.10.28.4: bytes=32 time=17ms TTL=126
Reply from 10.10.28.4: bytes=32 time=18ms TTL=126

Ping statistics for 10.10.28.4:
    Packets: Sent = 4, Received = 3, Lost = 1 (25% loss),
Approximate round trip times in milli-seconds:
    Minimum = 9ms, Maximum = 18ms, Average = 14ms

C:\>ping 10.10.24.12

Pinging 10.10.24.12 with 32 bytes of data:

Request timed out.
Reply from 10.10.24.12: bytes=32 time=19ms TTL=126
Reply from 10.10.24.12: bytes=32 time=1ms TTL=126
Reply from 10.10.24.12: bytes=32 time=17ms TTL=126

Ping statistics for 10.10.24.12:
    Packets: Sent = 4, Received = 3, Lost = 1 (25% loss),
Approximate round trip times in milli-seconds:
    Minimum = 1ms, Maximum = 19ms, Average = 12ms

C:\>ping 10.10.0.3

Pinging 10.10.0.3 with 32 bytes of data:

Request timed out.
Reply from 10.10.0.3: bytes=32 time=1ms TTL=126
Reply from 10.10.0.3: bytes=32 time=19ms TTL=126
Reply from 10.10.0.3: bytes=32 time=1ms TTL=126

Ping statistics for 10.10.0.3:
    Packets: Sent = 4, Received = 3, Lost = 1 (25% loss),
Approximate round trip times in milli-seconds:
    Minimum = 1ms, Maximum = 19ms, Average = 7ms

C:\>ping 10.10.28.35

Pinging 10.10.28.35 with 32 bytes of data:

Request timed out.
Reply from 10.10.28.35: bytes=32 time=1ms TTL=126
Reply from 10.10.28.35: bytes=32 time=1ms TTL=126
Reply from 10.10.28.35: bytes=32 time=18ms TTL=126

Ping statistics for 10.10.28.35:
    Packets: Sent = 4, Received = 3, Lost = 1 (25% loss),
Approximate round trip times in milli-seconds:
    Minimum = 1ms, Maximum = 18ms, Average = 6ms

C:\>
Cisco Packet Tracer PC Command Line 1.0
C:\>ping 10.10.0.3

Pinging 10.10.0.3 with 32 bytes of data:

Reply from 10.10.0.3: bytes=32 time=41ms TTL=125
Reply from 10.10.0.3: bytes=32 time=5ms TTL=125
Reply from 10.10.0.3: bytes=32 time=4ms TTL=125
Reply from 10.10.0.3: bytes=32 time=3ms TTL=125

Ping statistics for 10.10.0.3:
    Packets: Sent = 4, Received = 4, Lost = 0 (0% loss),
Approximate round trip times in milli-seconds:
    Minimum = 3ms, Maximum = 41ms, Average = 13ms

C:\>ping 10.10.24.12

Pinging 10.10.24.12 with 32 bytes of data:

Reply from 10.10.24.12: bytes=32 time=31ms TTL=125
Reply from 10.10.24.12: bytes=32 time=2ms TTL=125
Reply from 10.10.24.12: bytes=32 time=26ms TTL=125
Reply from 10.10.24.12: bytes=32 time=21ms TTL=125

Ping statistics for 10.10.24.12:
    Packets: Sent = 4, Received = 4, Lost = 0 (0% loss),
Approximate round trip times in milli-seconds:
    Minimum = 2ms, Maximum = 31ms, Average = 20ms

C:\>ping 10.10.28.35

Pinging 10.10.28.35 with 32 bytes of data:

Reply from 10.10.28.35: bytes=32 time=33ms TTL=125
Reply from 10.10.28.35: bytes=32 time=18ms TTL=125
Reply from 10.10.28.35: bytes=32 time=3ms TTL=125
Reply from 10.10.28.35: bytes=32 time=26ms TTL=125

Ping statistics for 10.10.28.35:
    Packets: Sent = 4, Received = 4, Lost = 0 (0% loss),
Approximate round trip times in milli-seconds:
    Minimum = 3ms, Maximum = 33ms, Average = 20ms

C:\>
C:\>treacert 10.10.0.3
Invalid Command.

C:\>tracert 10.10.0.3

Tracing route to 10.10.0.3 over a maximum of 30 hops: 

  1   0 ms      0 ms      0 ms      10.10.28.1
  2   0 ms      0 ms      1 ms      10.10.28.86
  3   1 ms      36 ms     29 ms     10.10.28.66
  4   11 ms     1 ms      1 ms      10.10.0.3

Trace complete.

C:\>C:\>
C:\>tracert 10.10.28.35\
Unable to resolve target system name 10.10.28.35\.
C:\>tracert 10.10.28.35

Tracing route to 10.10.28.35 over a maximum of 30 hops: 

  1   0 ms      0 ms      0 ms      10.10.28.1
  2   0 ms      19 ms     1 ms      10.10.28.86
  3   1 ms      1 ms      10 ms     10.10.28.94
  4   9 ms      1 ms      2 ms      10.10.28.35

Trace complete.

C:\>

Cisco Packet Tracer PC Command Line 1.0
C:\>tracert 10.10.24.12

Tracing route to 10.10.24.12 over a maximum of 30 hops: 

  1   0 ms      0 ms      0 ms      10.10.24.12

Trace complete.

C:\>
A summary of U.S. laws governing Cisco cryptographic products may be found at:
http://www.cisco.com/wwl/export/crypto/tool/stqrg.html

If you require further assistance please contact us by sending email to
export@cisco.com.

cisco 2811 (MPC860) processor (revision 0x200) with 60416K/5120K bytes of memory
Processor board ID JAD05190MTZ (4292891495)
2 FastEthernet interface(s)
8 Low-speed serial(sync/async) network interface(s)
DRAM configuration is 64 bits wide with parity disabled.
255K bytes of non-volatile configuration memory.
249856K bytes of ATA System CompactFlash 0 (Read/Write)

Press RETURN to get started!


%LINK-5-CHANGED: Interface Serial0/3/0, changed state to up

%LINEPROTO-5-UPDOWN: Line protocol on Interface FastEthernet0/0, changed state to up

%LINK-5-CHANGED: Interface Serial0/3/1, changed state to up

%LINK-5-CHANGED: Interface Serial0/0/0, changed state to up

%LINK-5-CHANGED: Interface Serial0/2/0, changed state to up

%LINEPROTO-5-UPDOWN: Line protocol on Interface Serial0/0/0, changed state to up

%LINEPROTO-5-UPDOWN: Line protocol on Interface Serial0/3/0, changed state to up

%LINEPROTO-5-UPDOWN: Line protocol on Interface Serial0/2/0, changed state to up

%LINEPROTO-5-UPDOWN: Line protocol on Interface Serial0/3/1, changed state to up


Lobby>
Lobby>en
Lobby#copy run start
Destination filename [startup-config]? 
Building configuration...
[OK]
Lobby#conf t
Enter configuration commands, one per line.  End with CNTL/Z.
Lobby(config)#ip route 10.10.24.0 255.255.252.0 10.10.28.77 56
Lobby(config)#ip route 10.10.28.0 255.255.255.224 10.10.28.102 58
Lobby(config)#ip route 10.10.28.32 255.255.255.224 10.10.28.69 58
Lobby(config)#exit
Lobby#
%SYS-5-CONFIG_I: Configured from console by console

Lobby#show run
Building configuration...

Current configuration : 1720 bytes
!
version 15.1
no service timestamps log datetime msec
no service timestamps debug datetime msec
no service password-encryption
!
hostname Lobby
!
!
!
!
ip dhcp excluded-address 10.10.0.1
!
ip dhcp pool LOBBY
 network 10.10.0.0 255.255.240.0
 default-router 10.10.0.1
 dns-server 10.10.16.4
!
!
!
no ip cef
no ipv6 cef
!
!
!
!
license udi pid CISCO2811/K9 sn FTX101770QZ-
!
!
!
!
!
!
!
!
!
!
!
spanning-tree mode pvst
!
!
!
!
!
!
interface FastEthernet0/0
 ip address 10.10.0.1 255.255.240.0
 ip helper-address 10.10.16.2
 duplex auto
 speed auto
!
interface FastEthernet0/1
 no ip address
 duplex auto
 speed auto
 shutdown
!
interface Serial0/0/0
 ip address 10.10.28.70 255.255.255.252
 clock rate 2000000
!
interface Serial0/0/1
 no ip address
 clock rate 2000000
 shutdown
!
interface Serial0/1/0
 no ip address
 clock rate 2000000
 shutdown
!
interface Serial0/1/1
 no ip address
 clock rate 2000000
 shutdown
!
interface Serial0/2/0
 ip address 10.10.28.101 255.255.255.252
 clock rate 2000000
!
interface Serial0/2/1
 no ip address
 clock rate 2000000
 shutdown
!
interface Serial0/3/0
 ip address 10.10.28.66 255.255.255.252
 clock rate 2000000
!
interface Serial0/3/1
 ip address 10.10.28.78 255.255.255.252
!
interface Vlan1
 no ip address
 shutdown
!
ip classless
ip route 10.10.16.0 255.255.248.0 10.10.28.65 
ip route 10.10.24.0 255.255.252.0 10.10.28.65 
ip route 10.10.28.0 255.255.255.224 10.10.28.65 
ip route 10.10.28.32 255.255.255.224 10.10.28.65 
ip route 10.10.24.0 255.255.252.0 10.10.28.77 56
ip route 10.10.28.0 255.255.255.224 10.10.28.102 58
ip route 10.10.28.32 255.255.255.224 10.10.28.69 58
!
ip flow-export version 9
!
!
!
!
!
!
!
line con 0
!
line aux 0
!
line vty 0 4
 login
!
!
!
end


Lobby#
Lobby#
Lobby#
Lobby#
Lobby#
Lobby#
Lobby#
Lobby#
Lobby#
Lobby#
Lobby#
Lobby#
Lobby#
Lobby#
Lobby#
Lobby#
Lobby#
Lobby#
Lobby#
Lobby#
%LINK-5-CHANGED: Interface Serial0/0/0, changed state to up

%LINK-5-CHANGED: Interface Serial0/1/1, changed state to up

%LINEPROTO-5-UPDOWN: Line protocol on Interface Serial0/3/0, changed state to up

%LINEPROTO-5-UPDOWN: Line protocol on Interface Serial0/0/0, changed state to up

%LINEPROTO-5-UPDOWN: Line protocol on Interface Serial0/1/0, changed state to up

%LINEPROTO-5-UPDOWN: Line protocol on Interface Serial0/1/1, changed state to up


Router>copy run start
            ^
% Invalid input detected at '^' marker.
	
Router>en
Router#copy run start
Destination filename [startup-config]? 
Building configuration...
[OK]
Router#








Router con0 is now available






Press RETURN to get started.













Router>en
Router#conf t
Enter configuration commands, one per line.  End with CNTL/Z.
Router(config)#ip route 10.10.0.0 255.255.240.0 10.10.28.78 56
Router(config)#ip route 10.10.28.0 255.255.255.224 10.10.28.82 66
Router(config)#ip route 10.10.28.32 255.255.255.224 10.10.28.74 98
Router(config)#exit
Router#
%SYS-5-CONFIG_I: Configured from console by console

Router#show run
Building configuration...

Current configuration : 1582 bytes
!
version 15.1
no service timestamps log datetime msec
no service timestamps debug datetime msec
no service password-encryption
!
hostname Router
!
!
!
!
!
!
!
!
no ip cef
no ipv6 cef
!
!
!
!
license udi pid CISCO2811/K9 sn FTX10172WB2-
!
!
!
!
!
!
!
!
!
!
!
spanning-tree mode pvst
!
!
!
!
!
!
interface FastEthernet0/0
 ip address 10.10.24.1 255.255.252.0
 ip helper-address 10.10.16.2
 duplex auto
 speed auto
!
interface FastEthernet0/1
 no ip address
 duplex auto
 speed auto
 shutdown
!
interface Serial0/0/0
 ip address 10.10.28.81 255.255.255.252
 clock rate 2000000
!
interface Serial0/0/1
 no ip address
 clock rate 2000000
 shutdown
!
interface Serial0/1/0
 ip address 10.10.28.90 255.255.255.252
 clock rate 2000000
!
interface Serial0/1/1
 ip address 10.10.28.73 255.255.255.252
!
interface Serial0/2/0
 no ip address
 clock rate 2000000
 shutdown
!
interface Serial0/2/1
 no ip address
 clock rate 2000000
 shutdown
!
interface Serial0/3/0
 ip address 10.10.28.77 255.255.255.252
 clock rate 2000000
!
interface Serial0/3/1
 no ip address
 clock rate 2000000
 shutdown
!
interface Vlan1
 no ip address
 shutdown
!
ip classless
ip route 10.10.16.0 255.255.248.0 10.10.28.89 
ip route 10.10.0.0 255.255.240.0 10.10.28.89 
ip route 10.10.28.0 255.255.255.224 10.10.28.89 
ip route 10.10.28.32 255.255.255.224 10.10.28.89 
ip route 10.10.0.0 255.255.240.0 10.10.28.78 56
ip route 10.10.28.0 255.255.255.224 10.10.28.82 66
ip route 10.10.28.32 255.255.255.224 10.10.28.74 98
!
ip flow-export version 9
!
!
!
!
!
!
!
line con 0
!
line aux 0
!
line vty 0 4
 login
!
!
!
end


Router#
Router#
Router#
%LINEPROTO-5-UPDOWN: Line protocol on Interface Serial0/1/0, changed state to up

%LINEPROTO-5-UPDOWN: Line protocol on Interface Serial0/2/0, changed state to up

%LINEPROTO-5-UPDOWN: Line protocol on Interface Serial0/0/0, changed state to up


Router>en
Router#copy run start\
                     ^
% Invalid input detected at '^' marker.
	
Router#copy run start
Destination filename [startup-config]? 
Building configuration...
[OK]
Router#








Router con0 is now available






Press RETURN to get started.













Router>en
Router#conf t
Enter configuration commands, one per line.  End with CNTL/Z.
Router(config)#ip route 10.10.0.0 255.255.240 10.10.28.101 58
                                  ^
% Invalid input detected at '^' marker.
	
Router(config)#ip route 10.10.0.0 255.255.240.0 10.10.28.101 58
Router(config)#ip route 10.10.24.0 255.255.252.0 10.10.28.81 66
Router(config)#ip route 10.10.28.32 255.255.255.252 10.10.28.98 68
Router(config)#exit
Router#
%SYS-5-CONFIG_I: Configured from console by console

Router#show run
Building configuration...

Current configuration : 1749 bytes
!
version 15.1
no service timestamps log datetime msec
no service timestamps debug datetime msec
no service password-encryption
!
hostname Router
!
!
!
!
ip dhcp excluded-address 10.10.28.1 10.10.28.2
!
ip dhcp pool MERCENARY
 network 10.10.28.0 255.255.255.224
 default-router 10.10.28.1
 dns-server 10.10.16.4
!
!
!
no ip cef
no ipv6 cef
!
!
!
!
license udi pid CISCO2811/K9 sn FTX10174J18-
!
!
!
!
!
!
!
!
!
!
!
spanning-tree mode pvst
!
!
!
!
!
!
interface FastEthernet0/0
 ip address 10.10.28.1 255.255.255.224
 ip helper-address 10.10.16.2
 duplex auto
 speed auto
!
interface FastEthernet0/1
 no ip address
 duplex auto
 speed auto
 shutdown
!
interface Serial0/0/0
 ip address 10.10.28.82 255.255.255.252
!
interface Serial0/0/1
 ip address 10.10.28.85 255.255.255.252
 clock rate 2000000
!
interface Serial0/1/0
 ip address 10.10.28.97 255.255.255.252
 clock rate 2000000
!
interface Serial0/1/1
 no ip address
 clock rate 2000000
 shutdown
!
interface Serial0/2/0
 ip address 10.10.28.102 255.255.255.252
!
interface Serial0/2/1
 no ip address
 clock rate 2000000
 shutdown
!
interface Serial0/3/0
 no ip address
 clock rate 2000000
 shutdown
!
interface Serial0/3/1
 no ip address
 clock rate 2000000
 shutdown
!
interface Vlan1
 no ip address
 shutdown
!
router rip
 network 10.0.0.0
!
ip classless
ip route 10.10.16.0 255.255.248.0 10.10.28.86 
ip route 10.10.24.0 255.255.252.0 10.10.28.86 
ip route 10.10.0.0 255.255.240.0 10.10.28.86 
ip route 10.10.28.32 255.255.255.224 10.10.28.86 
ip route 10.10.0.0 255.255.240.0 10.10.28.101 58
ip route 10.10.24.0 255.255.252.0 10.10.28.81 66
ip route 10.10.28.32 255.255.255.252 10.10.28.98 68
!
ip flow-export version 9
!
!
!
!
!
!
!
line con 0
!
line aux 0
!
line vty 0 4
 login
!
!
!
end


Router#
Router#
Router#

%LINK-5-CHANGED: Interface Serial0/1/0, changed state to up

%LINK-5-CHANGED: Interface Serial0/0/0, changed state to up

%LINK-5-CHANGED: Interface Serial0/1/1, changed state to up

%LINEPROTO-5-UPDOWN: Line protocol on Interface Serial0/1/1, changed state to up

%LINEPROTO-5-UPDOWN: Line protocol on Interface Serial0/0/0, changed state to up

%LINEPROTO-5-UPDOWN: Line protocol on Interface Serial0/1/0, changed state to up

%LINEPROTO-5-UPDOWN: Line protocol on Interface Serial0/0/1, changed state to up


Router>enable
Router#
Router#configure terminal
Enter configuration commands, one per line.  End with CNTL/Z.
Router(config)#
Router(config)#exit
Router#
%SYS-5-CONFIG_I: Configured from console by console

Router#copy run start
Destination filename [startup-config]? 
Building configuration...
[OK]
Router#








Router con0 is now available






Press RETURN to get started.













Router>en
Router#conf t
Enter configuration commands, one per line.  End with CNTL/Z.
Router(config)#ip route 10.10.0.0 255.255.240.0 10.10.28.70 58
Router(config)#ip route 10.10.24.0 255.255.252.0 10.10.28.73 98
Router(config)#ip route 10.10.28.0 255.255.255.224 10.10.28.97 68
Router(config)#exit
Router#
%SYS-5-CONFIG_I: Configured from console by console

Router#show run
Building configuration...

Current configuration : 1732 bytes
!
version 15.1
no service timestamps log datetime msec
no service timestamps debug datetime msec
no service password-encryption
!
hostname Router
!
!
!
!
ip dhcp excluded-address 10.10.28.33 10.10.28.34
!
ip dhcp pool UNDERTAKING
 network 10.10.28.32 255.255.255.224
 default-router 10.10.28.33
 dns-server 10.10.16.4
!
!
!
no ip cef
no ipv6 cef
!
!
!
!
license udi pid CISCO2811/K9 sn FTX1017380J-
!
!
!
!
!
!
!
!
!
!
!
spanning-tree mode pvst
!
!
!
!
!
!
interface FastEthernet0/0
 ip address 10.10.28.33 255.255.255.224
 ip helper-address 10.10.16.2
 duplex auto
 speed auto
!
interface FastEthernet0/1
 no ip address
 duplex auto
 speed auto
 shutdown
!
interface Serial0/0/0
 ip address 10.10.28.69 255.255.255.252
!
interface Serial0/0/1
 ip address 10.10.28.94 255.255.255.252
!
interface Serial0/1/0
 ip address 10.10.28.98 255.255.255.252
!
interface Serial0/1/1
 ip address 10.10.28.74 255.255.255.252
 clock rate 2000000
!
interface Serial0/2/0
 no ip address
 clock rate 2000000
 shutdown
!
interface Serial0/2/1
 no ip address
 clock rate 2000000
 shutdown
!
interface Serial0/3/0
 no ip address
 clock rate 2000000
 shutdown
!
interface Serial0/3/1
 no ip address
 clock rate 2000000
 shutdown
!
interface Vlan1
 no ip address
 shutdown
!
router rip
 network 10.0.0.0
!
ip classless
ip route 10.10.16.0 255.255.248.0 10.10.28.93 
ip route 10.10.0.0 255.255.240.0 10.10.28.93 
ip route 10.10.24.0 255.255.252.0 10.10.28.93 
ip route 10.10.28.0 255.255.255.224 10.10.28.93 
ip route 10.10.0.0 255.255.240.0 10.10.28.70 58
ip route 10.10.24.0 255.255.252.0 10.10.28.73 98
ip route 10.10.28.0 255.255.255.224 10.10.28.97 68
!
ip flow-export version 9
!
!
!
!
!
!
!
line con 0
!
line aux 0
!
line vty 0 4
 login
!
!
!
end


Router#
Router#